// Jest Snapshot v1, https://goo.gl/fbAQLP

exports[`<UserGreeting /> returns the correct greeting text and snapshot 1`] = `
<div>
  <h1>
    Hello, 
    Enzyme
    !
  </h1>
</div>
`;
